U 3 2 1
S 1 2 4 5 6
U 4 3 1
U 5 3 2
U 6 5 4 3
S 1 3 5 6
S 2 3 4 6
S 3 4 5
