U 2 1
U 4 3
S 1 4 5
S 1 3 5
U 5 4 2
S 2 4
S 2 3 5
