U 11 1
U 12 1
U 13 1
U 14 1
U 15 1
U 16 1
U 17 1
U 18 1
U 19 1
U 20 1
S 1 2 3 4 5 6 7 8 9 10
U 11 2
U 11 3
U 11 4
U 11 5
U 11 6
U 11 7
U 11 8
U 11 9
U 11 10
S 11 12 13 14 15 16 17 18 19 20
U 12 2
U 13 2
U 14 2
U 15 2
U 16 2
U 17 2
U 18 2
U 19 2
U 20 2
U 12 3
U 12 4
U 12 5
U 12 6
U 12 7
U 12 8
U 12 9
U 12 10
U 13 3
U 14 3
U 15 3
U 16 3
U 17 3
U 18 3
U 19 3
U 20 3
U 13 4
U 13 5
U 13 6
U 13 7
U 13 8
U 13 9
U 13 10
U 14 4
U 15 4
U 16 4
U 17 4
U 18 4
U 19 4
U 20 4
U 14 5
U 14 6
U 14 7
U 14 8
U 14 9
U 14 10
U 15 5
U 16 5
U 17 5
U 18 5
U 19 5
U 20 5
U 15 6
U 15 7
U 15 8
U 15 9
U 15 10
U 16 6
U 17 6
U 18 6
U 19 6
U 20 6
U 16 7
U 16 8
U 16 9
U 16 10
U 17 7
U 18 7
U 19 7
U 20 7
U 17 8
U 17 9
U 17 10
U 18 8
U 19 8
U 20 8
U 18 9
U 18 10
U 19 9
U 19 10
U 20 9
U 20 10
