S 1 2 3 4 5 6 7 8 9 10 11 12 13 14
U 1 2 4 5 8 10 15
S 15 1 2 3 4 5 6 7 8 9 11 12 13 14
S 10 15 1 2 3 4 5 6 7 9 11 12 13 14
S 8 10 15 1 2 3 4 6 7 9 11 13 14
U 1 2 4 8 10 12 15
S 8 10 12 15 1 2 3 5 7 9 11 13 14
U 1 2 6 8 10 12 15
S 5 6 8 10 15 1 3 4 7 9 11 12 13 14
S 2 4 5 8 10 15 3 6 7 9 11 12 13 14
U 1 2 5 6 8 10 15
