U 7 6 5 4 3 2 1
S 1 2 3 4 5 7 9 11 12 13
S 1 2 3 4 5 7 9 10 12 13
U 11 10 4 3
S 1 2 3 5 7 8 10 11 12 13
S 1 2 3 5 6 7 8 10 11 12
S 1 3 5 6 7 8 9 10 11 12
S 1 3 5 6 7 8 9 10 11 13
S 1 3 6 7 8 9 10 11 12 13
S 1 2 3 6 7 9 10 11 12 13
S 1 2 4 6 7 9 10 11 12 13
S 2 4 6 7 8 9 10 11 12 13
S 1 2 4 6 7 8 10 11 12 13
S 1 2 3 4 6 7 8 11 12 13
S 1 2 3 4 5 6 8 11 12
