U 1 2 4 5 8 10 15
S 1 2 3 4 5 15 6 7 8 9 11 12 13 14
S 1 3 4 5 10 15 2 6 7 9 11 12 13 14
S 1 3 5 8 10 15 2 7 9 11 12 13 14
S 1 3 6 8 10 15 2 4 7 9 11 13 14
S 1 5 6 8 10 15 3 4 7 9 11 12 13 14
S 1 2 4 8 10 12 3 5 6 7 9 11 13 14
S 2 4 8 10 12 15 3 5 6 7 9 11 13 14
