S 2 3 5
S 2 4
S 1 4 5
U 2 1
S 1 3 5
U 4 3
U 5 4 2
