U 11 1
U 11 2
U 12 1
U 13 1
U 12 2
U 11 3
U 14 1
U 13 2
U 12 3
U 11 4
U 15 1
U 14 2
U 13 3
U 12 4
U 11 5
U 16 1
U 15 2
U 14 3
U 13 4
U 12 5
U 11 6
U 17 1
U 16 2
U 15 3
U 14 4
U 13 5
U 12 6
U 11 7
U 18 1
U 17 2
U 16 3
U 15 4
U 14 5
U 13 6
U 12 7
U 11 8
U 11 9
U 12 8
U 13 7
U 14 6
U 15 5
U 16 4
U 17 3
U 18 2
U 19 1
U 20 1
U 19 2
U 18 3
U 17 4
U 16 5
U 15 6
U 14 7
U 13 8
U 12 9
U 11 10
U 30 21
U 30 22
U 31 21
U 32 21
U 31 22
U 30 23
U 33 21
U 32 22
U 31 23
U 14 8
U 15 7
U 16 6
U 17 5
U 18 4
U 19 3
U 20 2
U 30 24
U 34 21
U 33 22
U 32 23
U 13 9
U 12 10
U 31 24
U 30 25
U 34 22
U 30 26
U 31 25
U 32 24
U 33 23
U 35 21
U 31 26
U 35 22
U 34 23
U 33 24
U 32 25
U 36 21
U 30 27
U 30 28
U 36 22
U 35 23
U 34 24
U 33 25
U 32 26
U 31 27
U 37 21
U 31 28
U 38 21
U 37 22
U 36 23
U 35 24
U 34 25
U 33 26
U 32 27
U 30 29
S 11 12 13 14 15 16 17 18 19 20 30 31 32 33 34 35 36 37 38
U 31 29
U 32 28
U 33 27
U 34 26
U 35 25
U 36 24
U 37 23
U 38 22
S 11 12 13 14 15 16 17 18 19 20 21 22 23 24 25 26 27 28 29
S 1 2 3 4 5 6 7 8 9 10 30 31 32 33 34 35 36 37 38
S 1 2 3 4 5 6 7 8 9 10 21 22 23 24 25 26 27 28 29
U 32 29
U 33 28
U 34 27
U 35 26
U 36 25
U 37 24
U 13 10
U 14 9
U 15 8
U 16 7
U 17 6
U 18 5
U 19 4
U 20 3
U 38 23
U 38 24
U 37 25
U 36 26
U 35 27
U 34 28
U 33 29
U 20 4
U 19 5
U 18 6
U 17 7
U 16 8
U 15 9
U 14 10
U 20 5
U 19 6
U 18 7
U 17 8
U 16 9
U 15 10
U 34 29
U 35 28
U 36 27
U 37 26
U 38 25
U 16 10
U 17 9
U 18 8
U 19 7
U 20 6
U 38 26
U 37 27
U 36 28
U 35 29
U 20 7
U 19 8
U 17 10
U 18 9
U 36 29
U 37 28
U 38 27
U 18 10
U 19 9
U 20 8
U 38 28
U 37 29
U 19 10
U 20 9
U 38 29
U 20 10
